(!) Your Vite config uses features that are unsupported by `configLoader: 'native'`, which is planned to become the default in a future major version of Vite:
  - ESM syntax in a file loaded as CommonJS (vitest.config.ts:1:1). Use a `.mjs` extension or set `"type": "module"` in the closest package.json
Set `VITE_CONFIG_NATIVE_IGNORE_WARNING=true` to suppress this warning.

 RUN  v4.1.11 /home/ubuntu/Projects/thai-car-intelligence

stderr | tests/p116-public-ux.test.ts > C. /api/compare contract (G2, G4, G12) > C1: compare price query uses the full currentOfficialPrice chain
API /api/compare error: ReferenceError: NextResponse is not defined
    at Module.GET (/home/ubuntu/Projects/thai-car-intelligence/src/app/api/compare/route.ts:120:5)
    at processTicksAndRejections (node:internal/process/task_queues:103:5)
    at /home/ubuntu/Projects/thai-car-intelligence/tests/p116-public-ux.test.ts:98:5
    at file:///home/ubuntu/Projects/thai-car-intelligence/node_modules/@vitest/runner/dist/chunk-artifact.js:1903:20

stderr | tests/p116-public-ux.test.ts > C. /api/compare contract (G2, G4, G12) > C2: response preserves the SELECTED id order even when the DB returns another order
API /api/compare error: ReferenceError: NextResponse is not defined
    at Module.GET (/home/ubuntu/Projects/thai-car-intelligence/src/app/api/compare/route.ts:120:5)
    at processTicksAndRejections (node:internal/process/task_queues:103:5)
    at /home/ubuntu/Projects/thai-car-intelligence/tests/p116-public-ux.test.ts:107:17
    at file:///home/ubuntu/Projects/thai-car-intelligence/node_modules/@vitest/runner/dist/chunk-artifact.js:1903:20

stderr | tests/p116-public-ux.test.ts > C. /api/compare contract (G2, G4, G12) > C5: features rows keep their available flag (installed / not installed / unknown)
API /api/compare error: ReferenceError: NextResponse is not defined
    at Module.GET (/home/ubuntu/Projects/thai-car-intelligence/src/app/api/compare/route.ts:120:5)
    at processTicksAndRejections (node:internal/process/task_queues:103:5)
    at /home/ubuntu/Projects/thai-car-intelligence/tests/p116-public-ux.test.ts:134:17
    at file:///home/ubuntu/Projects/thai-car-intelligence/node_modules/@vitest/runner/dist/chunk-artifact.js:1903:20

 ❯ tests/p116-public-ux.test.ts (19 tests | 18 failed) 67ms
     × A1: models SQL uses the full currentOfficialPrice chain (not sd-only) 21ms
     × D1: response rows carry compareVariantId for the compare contract 6ms
     × C1: compare price query uses the full currentOfficialPrice chain 4ms
     × C2: response preserves the SELECTED id order even when the DB returns another order 2ms
     × C6: exactly 2–4 id semantics — 1 id → 400, non-UUID rejected, >4 capped at 4 1ms
     × C5: features rows keep their available flag (installed / not installed / unknown) 1ms
     × F1/F2/F3: resolveSearchUiState distinguishes loading / empty / error / ok 6ms
     × F4: compare error mapping tells the truth for need_at_least_2 2ms
     × E2+E3: mapSearchResponse builds correct links, keeps exact model name, price, mode 3ms
     × H3: price provenance URL survives into the search view 2ms
     × G1: detail model lookup enforces BOTH slugs + ACTIVE on model and manufacturer 2ms
     × B2: research rows come only from sd.status <> 'VERIFIED' documents 2ms
     × B1: detail variant price join uses the full currentOfficialPrice chain 2ms
     × B3: specEvidenceFlags marks official only for primary_official rows 2ms
     × I1: no image → placeholder with official-site link when known, else no link 2ms
     × I2: no brochure + no official source → plain fallback text, no invented href 2ms
     × I3: verified brochure doc keeps title/url/source/date/verified 2ms
     × D-1: two compareVariantIds from /api/models are accepted by /api/compare 2ms
stderr | tests/p116-live-catalog.test.ts > H2. compare price provenance URL (full-chain priced variants) > returns price.sourceUrl + sourceName for variants with currentOfficialPrice
API /api/compare error: ReferenceError: NextResponse is not defined
    at GET (/home/ubuntu/Projects/thai-car-intelligence/src/app/api/compare/route.ts:120:5)
    at processTicksAndRejections (node:internal/process/task_queues:103:5)
    at /home/ubuntu/Projects/thai-car-intelligence/tests/p116-live-catalog.test.ts:119:17
    at file:///home/ubuntu/Projects/thai-car-intelligence/node_modules/@vitest/runner/dist/chunk-artifact.js:1903:20

 ❯ tests/p116-live-catalog.test.ts (5 tests | 5 failed) 102ms
     × every listed model's min/max equals the full-chain reference (no secondary/loose price leak) 48ms
     × D2: models rows carry compareVariantId pointing at an ACTIVE variant of the SAME model 9ms
     × D3+K2: /api/compare accepts those ids, preserves requested order, deterministic across runs 2ms
     × returns price.sourceUrl + sourceName for variants with currentOfficialPrice 16ms
     × active variants exist whose PerformanceSpec row is secondary-tier only 4ms

⎯⎯⎯⎯⎯⎯ Failed Tests 23 ⎯⎯⎯⎯⎯⎯⎯

 FAIL  tests/p116-live-catalog.test.ts > A2. /api/models price parity with independent currentOfficialPrice reference > every listed model's min/max equals the full-chain reference (no secondary/loose price leak)
AssertionError: route prices must equal the full-chain reference; leaks: [{"model":"bmw/bmw-2-series","got":[2079000,2079000],"expected":[null,null]},{"model":"bmw/bmw-3-series","got":[2679000,3879000],"expected":[null,null]},{"model":"bmw/bmw-4-series","got":[3479000,5179000],"expected":[null,null]},{"model":"bmw/bmw-5-series","got":[3109000,3779000],"expected":[null,null]},{"model":"bmw/bmw-7-series","got":[6549000,7229000],"expected":[null,null]}]: expected [ { …(3) }, { …(3) }, { …(3) }, …(39) ] to deeply equal []

- Expected
+ Received

- []
+ [
+   {
+     "expected": [
+       null,
+       null,
+     ],
+     "got": [
+       2079000,
+       2079000,
+     ],
+     "model": "bmw/bmw-2-series",
+   },
+   {
+     "expected": [
+       null,
+       null,
+     ],
+     "got": [
+       2679000,
+       3879000,
+     ],
+     "model": "bmw/bmw-3-series",
+   },
+   {
+     "expected": [
+       null,
+       null,
+     ],
+     "got": [
+       3479000,
+       5179000,
+     ],
+     "model": "bmw/bmw-4-series",
+   },
+   {
+     "expected": [
+       null,
+       null,
+     ],
+     "got": [
+       3109000,
+       3779000,
+     ],
+     "model": "bmw/bmw-5-series",
+   },
+   {
+     "expected": [
+       null,
+       null,
+     ],
+     "got": [
+       6549000,
+       7229000,
+     ],
+     "model": "bmw/bmw-7-series",
+   },
+   {
+     "expected": [
+       null,
+       null,
+     ],
+     "got": [
+       2359000,
+       5799000,
+     ],
+     "model": "bmw/bmw-i",
+   },
+   {
+     "expected": [
+       null,
+       null,
+     ],
+     "got": [
+       3299000,
+       3299000,
+     ],
+     "model": "bmw/bmw-i5",
+   },
+   {
+     "expected": [
+       null,
+       null,
+     ],
+     "got": [
+       5799000,
+       5799000,
+     ],
+     "model": "bmw/bmw-ix",
+   },
+   {
+     "expected": [
+       null,
+       null,
+     ],
+     "got": [
+       2359000,
+       2359000,
+     ],
+     "model": "bmw/bmw-ix1",
+   },
+   {
+     "expected": [
+       null,
+       null,
+     ],
+     "got": [
+       3259000,
+       3259000,
+     ],
+     "model": "bmw/bmw-ix2",
+   },
+   {
+     "expected": [
+       null,
+       null,
+     ],
+     "got": [
+       6419000,
+       17199000,
+     ],
+     "model": "bmw/bmw-m",
+   },
+   {
+     "expected": [
+       null,
+       null,
+     ],
+     "got": [
+       7769000,
+       7769000,
+     ],
+     "model": "bmw/bmw-m2",
+   },
+   {
+     "expected": [
+       null,
+       null,
+     ],
+     "got": [
+       10199000,
+       14799000,
+     ],
+     "model": "bmw/bmw-m3",
+   },
+   {
+     "expected": [
+       null,
+       null,
+     ],
+     "got": [
+       3879000,
+       3879000,
+     ],
+     "model": "bmw/bmw-m340i",
+   },
+   {
+     "expected": [
+       null,
+       null,
+     ],
+     "got": [
+       14759000,
+       14759000,
+     ],
+     "model": "bmw/bmw-m4",
+   },
+   {
+     "expected": [
+       null,
+       null,
+     ],
+     "got": [
+       12979000,
+       12979000,
+     ],
+     "model": "bmw/bmw-m5",
+   },
+   {
+     "expected": [
+       null,
+       null,
+     ],
+     "got": [
+       4379000,
+       4379000,
+     ],
+     "model": "bmw/bmw-x3",
+   },
+   {
+     "expected": [
+       null,
+       null,
+     ],
+     "got": [
+       4069000,
+       4069000,
+     ],
+     "model": "bmw/bmw-x4",
+   },
+   {
+     "expected": [
+       null,
+       null,
+     ],
+     "got": [
+       4969000,
+       5269000,
+     ],
+     "model": "bmw/bmw-x5",
+   },
+   {
+     "expected": [
+       null,
+       null,
+     ],
+     "got": [
+       6469000,
+       6469000,
+     ],
+     "model": "bmw/bmw-x7",
+   },
+   {
+     "expected": [
+       null,
+       null,
+     ],
+     "got": [
+       17199000,
+       17199000,
+     ],
+     "model": "bmw/bmw-xm",
+   },
+   {
+     "expected": [
+       null,
+       null,
+     ],
+     "got": [
+       2279000,
+       6469000,
+     ],
+     "model": "bmw/bmw-x-series",
+   },
+   {
+     "expected": [
+       null,
+       null,
+     ],
+     "got": [
+       4129000,
+       5129000,
+     ],
+     "model": "bmw/bmw-z",
+   },
+   {
+     "expected": [
+       null,
+       null,
+     ],
+     "got": [
+       4129000,
+       5129000,
+     ],
+     "model": "bmw/bmw-z4",
+   },
+   {
+     "expected": [
+       null,
+       null,
+     ],
+     "got": [
+       449900,
+       449900,
+     ],
+     "model": "byd/dolphin",
+   },
+   {
+     "expected": [
+       null,
+       null,
+     ],
+     "got": [
+       999900,
+       999900,
+     ],
+     "model": "byd/seal",
+   },
+   {
+     "expected": [
+       null,
+       null,
+     ],
+     "got": [
+       1199900,
+       1349000,
+     ],
+     "model": "byd/sealion-7",
+   },
+   {
+     "expected": [
+       null,
+       null,
+     ],
+     "got": [
+       399000,
+       399000,
+     ],
+     "model": "changan/changan-lumin",
+   },
+   {
+     "expected": [
+       null,
+       null,
+     ],
+     "got": [
+       2899900,
+       2899900,
+     ],
+     "model": "denza/z9gt",
+   },
+   {
+     "expected": [
+       1479000,
+       1479000,
+     ],
+     "got": [
+       1479000,
+       1764000,
+     ],
+     "model": "honda/honda-accord",
+   },
+   {
+     "expected": [
+       null,
+       null,
+     ],
+     "got": [
+       915000,
+       977000,
+     ],
+     "model": "honda/honda-br-v",
+   },
+   {
+     "expected": [
+       null,
+       null,
+     ],
+     "got": [
+       569000,
+       779000,
+     ],
+     "model": "honda/city",
+   },
+   {
+     "expected": [
+       579000,
+       579000,
+     ],
+     "got": [
+       579000,
+       749000,
+     ],
+     "model": "honda/city-hatchback",
+   },
+   {
+     "expected": [
+       949000,
+       949000,
+     ],
+     "got": [
+       833000,
+       1259000,
+     ],
+     "model": "honda/honda-civic",
+   },
+   {
+     "expected": [
+       1409000,
+       1409000,
+     ],
+     "got": [
+       1409000,
+       1739000,
+     ],
+     "model": "honda/honda-cr-v",
+   },
+   {
+     "expected": [
+       null,
+       null,
+     ],
+     "got": [
+       1409000,
+       1749000,
+     ],
+     "model": "honda/cr-v-e-hev",
+   },
+   {
+     "expected": [
+       null,
+       null,
+     ],
+     "got": [
+       1479000,
+       1764000,
+     ],
+     "model": "honda/honda-accord-2",
+   },
+   {
+     "expected": [
+       null,
+       null,
+     ],
+     "got": [
+       1079000,
+       1179000,
+     ],
+     "model": "honda/honda-hr-v",
+   },
+   {
+     "expected": [
+       null,
+       null,
+     ],
+     "got": [
+       959000,
+       1189000,
+     ],
+     "model": "honda/hr-v-e-hev",
+   },
+   {
+     "expected": [
+       null,
+       null,
+     ],
+     "got": [
+       1780000,
+       1780000,
+     ],
+     "model": "honda/step-wgn-e-hev",
+   },
+   {
+     "expected": [
+       null,
+       null,
+     ],
+     "got": [
+       990000,
+       990000,
+     ],
+     "model": "honda/super-one",
+   },
+   {
+     "expected": [
+       null,
+       null,
+     ],
+     "got": [
+       799000,
+       869000,
+     ],
+     "model": "honda/honda-wr-v",
+   },
+ ]

 ❯ tests/p116-live-catalog.test.ts:69:126
     67|       }
     68|     }
     69|     expect(mismatches, `route prices must equal the full-chain referen…
       |                                                                                                                              ^
     70|   });
     71| });

⎯⎯⎯⎯⎯⎯⎯⎯⎯⎯⎯⎯⎯⎯⎯⎯⎯⎯⎯⎯⎯⎯⎯[1/23]⎯

 FAIL  tests/p116-live-catalog.test.ts > D. compareVariantId contract > D2: models rows carry compareVariantId pointing at an ACTIVE variant of the SAME model
AssertionError: expected { …(10) } to have property "compareVariantId"
 ❯ tests/p116-live-catalog.test.ts:80:29
     78|     const body = await res.json();
     79|     expect(body.results.length).toBeGreaterThan(0);
     80|     expect(body.results[0]).toHaveProperty("compareVariantId");
       |                             ^
     81|
     82|     for (const row of body.results) {

⎯⎯⎯⎯⎯⎯⎯⎯⎯⎯⎯⎯⎯⎯⎯⎯⎯⎯⎯⎯⎯⎯⎯[2/23]⎯

 FAIL  tests/p116-live-catalog.test.ts > D. compareVariantId contract > D3+K2: /api/compare accepts those ids, preserves requested order, deterministic across runs
ReferenceError: NextResponse is not defined
 ❯ GET src/app/api/compare/route.ts:10:13
      8|   const params = new URL(request.url).searchParams;
      9|   const ids = params.get("ids");
     10|   if (!ids) return NextResponse.json({ error: "invalid_ids" }, { statu…
       |             ^
     11|
     12|   const rawList = ids.split(",").filter(Boolean).slice(0, 4);
 ❯ tests/p116-live-catalog.test.ts:96:32

⎯⎯⎯⎯⎯⎯⎯⎯⎯⎯⎯⎯⎯⎯⎯⎯⎯⎯⎯⎯⎯⎯⎯[3/23]⎯

 FAIL  tests/p116-live-catalog.test.ts > H2. compare price provenance URL (full-chain priced variants) > returns price.sourceUrl + sourceName for variants with currentOfficialPrice
ReferenceError: NextResponse is not defined
 ❯ GET src/app/api/compare/route.ts:123:5
    121|   } catch (error) {
    122|     console.error("API /api/compare error:", error);
    123|     return NextResponse.json({ error: "database_unavailable" }, { stat…
       |     ^
    124|   }
    125| }
 ❯ tests/p116-live-catalog.test.ts:119:17

⎯⎯⎯⎯⎯⎯⎯⎯⎯⎯⎯⎯⎯⎯⎯⎯⎯⎯⎯⎯⎯⎯⎯[4/23]⎯

 FAIL  tests/p116-live-catalog.test.ts > B4. secondary-tier spec data must never be flagged official > active variants exist whose PerformanceSpec row is secondary-tier only
AssertionError: lib/ux/detail-view must exist: expected null not to be null
 ❯ tests/p116-live-catalog.test.ts:140:52
    138|
    139|     const m = await import("../lib/ux/detail-view").catch(() => null);
    140|     expect(m, "lib/ux/detail-view must exist").not.toBeNull();
       |                                                    ^
    141|     expect(m!.specEvidenceFlags([{ sourceTier: "secondary_automotive_m…
    142|     expect(m!.specEvidenceFlags([{ sourceTier: "primary_official" }]))…

⎯⎯⎯⎯⎯⎯⎯⎯⎯⎯⎯⎯⎯⎯⎯⎯⎯⎯⎯⎯⎯⎯⎯[5/23]⎯

 FAIL  tests/p116-public-ux.test.ts > A. /api/models official price semantics (G1) > A1: models SQL uses the full currentOfficialPrice chain (not sd-only)
AssertionError: expected 'SELECT \n        cm.id, cm."nameEn", …' to contain 'opsd.status = \'VERIFIED\''

- Expected
+ Received

- opsd.status = 'VERIFIED'
+ SELECT 
+         cm.id, cm."nameEn", cm."nameTh", cm.slug,
+         m."nameEn" as "mfrName", m."nameTh" as "mfrTh", m.slug as "mfrSlug",
+         MIN(p.amount) as "minPrice",
+         MAX(p.amount) as "maxPrice",
+         COUNT(DISTINCT v.id) as "variantCount",
+         MODE() WITHIN GROUP (ORDER BY v."fuelType") as "primaryFuelType",
+         (SELECT med.url FROM "Media" med WHERE med."modelId" = cm.id AND med.role = 'hero' LIMIT 1) as "heroImage"
+        FROM "CarModel" cm
+        JOIN "Manufacturer" m ON m.id = cm."manufacturerId"
+        LEFT JOIN "Variant" v ON v."modelId" = cm.id AND v.status = 'ACTIVE'
+        LEFT JOIN "Price" p ON p."variantId" = v.id AND p."isCurrent" = true
+          AND p."sourceDocumentId" IS NOT NULL
+          AND EXISTS (SELECT 1 FROM "SourceDocument" sd WHERE sd.id = p."sourceDocumentId" AND sd.status = 'VERIFIED')
+        WHERE cm.status = 'ACTIVE' AND m.status = 'ACTIVE' AND EXISTS (SELECT 1 FROM "Variant" v2 JOIN "Price" p2 ON p2."variantId" = v2.id WHERE v2."modelId" = cm.id AND p2."isCurrent" = true AND p2."sourceDocumentId" IS NOT NULL AND EXISTS (SELECT 1 FROM "SourceDocument" sd WHERE sd.id = p2."sourceDocumentId" AND sd.status = 'VERIFIED') AND p2.amount >= $1) AND EXISTS (SELECT 1 FROM "Variant" v3 JOIN "Price" p3 ON p3."variantId" = v3.id WHERE v3."modelId" = cm.id AND p3."isCurrent" = true AND p3."sourceDocumentId" IS NOT NULL AND EXISTS (SELECT 1 FROM "SourceDocument" sd WHERE sd.id = p3."sourceDocumentId" AND sd.status = 'VERIFIED') AND p3.amount <= $2)
+        GROUP BY cm.id, m.id
+        ORDER BY m."nameEn", cm."nameEn"
+        LIMIT $3

 ❯ tests/p116-public-ux.test.ts:72:51
     70|     await getModels(new Request("http://localhost/api/models?minPrice=…
     71|     const sql = captured.map((c) => c.sql).join("\n");
     72|     for (const token of CHAIN_TOKENS) expect(sql).toContain(token);
       |                                                   ^
     73|     expect(sql).toContain(`p."isCurrent"`);
     74|     // the loose legacy predicate alone must not be the only guard

⎯⎯⎯⎯⎯⎯⎯⎯⎯⎯⎯⎯⎯⎯⎯⎯⎯⎯⎯⎯⎯⎯⎯[6/23]⎯

 FAIL  tests/p116-public-ux.test.ts > A. /api/models official price semantics (G1) > D1: response rows carry compareVariantId for the compare contract
AssertionError: expected { id: 'm1', nameEn: 'City', …(8) } to have property "compareVariantId" with value '11111111-1111-4111-8111-111111111111'

- Expected:
"11111111-1111-4111-8111-111111111111"

+ Received:
undefined

 ❯ tests/p116-public-ux.test.ts:84:29
     82|     const res = await getModels(new Request("http://localhost/api/mode…
     83|     const body = await res.json();
     84|     expect(body.results[0]).toHaveProperty("compareVariantId", UUID_A);
       |                             ^
     85|   });
     86| });

⎯⎯⎯⎯⎯⎯⎯⎯⎯⎯⎯⎯⎯⎯⎯⎯⎯⎯⎯⎯⎯⎯⎯[7/23]⎯

 FAIL  tests/p116-public-ux.test.ts > C. /api/compare contract (G2, G4, G12) > C1: compare price query uses the full currentOfficialPrice chain
ReferenceError: NextResponse is not defined
 ❯ Module.GET src/app/api/compare/route.ts:123:5
    121|   } catch (error) {
    122|     console.error("API /api/compare error:", error);
    123|     return NextResponse.json({ error: "database_unavailable" }, { stat…
       |     ^
    124|   }
    125| }
 ❯ tests/p116-public-ux.test.ts:98:5

⎯⎯⎯⎯⎯⎯⎯⎯⎯⎯⎯⎯⎯⎯⎯⎯⎯⎯⎯⎯⎯⎯⎯[8/23]⎯

 FAIL  tests/p116-public-ux.test.ts > C. /api/compare contract (G2, G4, G12) > C2: response preserves the SELECTED id order even when the DB returns another order
ReferenceError: NextResponse is not defined
 ❯ Module.GET src/app/api/compare/route.ts:123:5
    121|   } catch (error) {
    122|     console.error("API /api/compare error:", error);
    123|     return NextResponse.json({ error: "database_unavailable" }, { stat…
       |     ^
    124|   }
    125| }
 ❯ tests/p116-public-ux.test.ts:107:17

⎯⎯⎯⎯⎯⎯⎯⎯⎯⎯⎯⎯⎯⎯⎯⎯⎯⎯⎯⎯⎯⎯⎯[9/23]⎯

 FAIL  tests/p116-public-ux.test.ts > C. /api/compare contract (G2, G4, G12) > C6: exactly 2–4 id semantics — 1 id → 400, non-UUID rejected, >4 capped at 4
ReferenceError: NextResponse is not defined
 ❯ Module.GET src/app/api/compare/route.ts:13:27
     11|
     12|   const rawList = ids.split(",").filter(Boolean).slice(0, 4);
     13|   if (rawList.length < 2) return NextResponse.json({ error: "need_at_l…
       |                           ^
     14|
     15|   // Validate UUID format for all IDs
 ❯ tests/p116-public-ux.test.ts:114:23

⎯⎯⎯⎯⎯⎯⎯⎯⎯⎯⎯⎯⎯⎯⎯⎯⎯⎯⎯⎯⎯⎯[10/23]⎯

 FAIL  tests/p116-public-ux.test.ts > C. /api/compare contract (G2, G4, G12) > C5: features rows keep their available flag (installed / not installed / unknown)
ReferenceError: NextResponse is not defined
 ❯ Module.GET src/app/api/compare/route.ts:123:5
    121|   } catch (error) {
    122|     console.error("API /api/compare error:", error);
    123|     return NextResponse.json({ error: "database_unavailable" }, { stat…
       |     ^
    124|   }
    125| }
 ❯ tests/p116-public-ux.test.ts:134:17

⎯⎯⎯⎯⎯⎯⎯⎯⎯⎯⎯⎯⎯⎯⎯⎯⎯⎯⎯⎯⎯⎯[11/23]⎯

 FAIL  tests/p116-public-ux.test.ts > F. search UI states are truthful > F1/F2/F3: resolveSearchUiState distinguishes loading / empty / error / ok
AssertionError: lib/ux/search-view must exist: expected null not to be null
 ❯ tests/p116-public-ux.test.ts:155:52
    153|   it("F1/F2/F3: resolveSearchUiState distinguishes loading / empty / e…
    154|     const m = await loadHelper<{ resolveSearchUiState: (input: { loadi…
    155|     expect(m, "lib/ux/search-view must exist").not.toBeNull();
       |                                                    ^
    156|     expect(m!.resolveSearchUiState({ loading: true, ok: true, results:…
    157|     expect(m!.resolveSearchUiState({ loading: false, ok: false, result…

⎯⎯⎯⎯⎯⎯⎯⎯⎯⎯⎯⎯⎯⎯⎯⎯⎯⎯⎯⎯⎯⎯[12/23]⎯

 FAIL  tests/p116-public-ux.test.ts > F. search UI states are truthful > F4: compare error mapping tells the truth for need_at_least_2
AssertionError: lib/ux/compare-view must exist: expected null not to be null
 ❯ tests/p116-public-ux.test.ts:164:53
    162|   it("F4: compare error mapping tells the truth for need_at_least_2", …
    163|     const m = await loadHelper<{ compareErrorMessage: (code: string) =…
    164|     expect(m, "lib/ux/compare-view must exist").not.toBeNull();
       |                                                     ^
    165|     expect(m!.compareErrorMessage("need_at_least_2")).toBe("กรุณาเลือก…
    166|     expect(m!.compareErrorMessage("variants_not_found")).toBe("ไม่พบรถ…

⎯⎯⎯⎯⎯⎯⎯⎯⎯⎯⎯⎯⎯⎯⎯⎯⎯⎯⎯⎯⎯⎯[13/23]⎯

 FAIL  tests/p116-public-ux.test.ts > E. SearchClient consumes the REAL P115 response > E2+E3: mapSearchResponse builds correct links, keeps exact model name, price, mode
AssertionError: lib/ux/search-view must exist: expected null not to be null
 ❯ tests/p116-public-ux.test.ts:202:52
    200|       mapSearchResponse: (data: any, ok: boolean) => { state: string; …
    201|     }>("../lib/ux/search-view");
    202|     expect(m, "lib/ux/search-view must exist").not.toBeNull();
       |                                                    ^
    203|     const view = m!.mapSearchResponse(apiResponse, true);
    204|     expect(view.state).toBe("ok");

⎯⎯⎯⎯⎯⎯⎯⎯⎯⎯⎯⎯⎯⎯⎯⎯⎯⎯⎯⎯⎯⎯[14/23]⎯

 FAIL  tests/p116-public-ux.test.ts > E. SearchClient consumes the REAL P115 response > H3: price provenance URL survives into the search view
AssertionError: lib/ux/search-view must exist: expected null not to be null
 ❯ tests/p116-public-ux.test.ts:219:52
    217|   it("H3: price provenance URL survives into the search view", async (…
    218|     const m = await loadHelper<{ mapSearchResponse: (data: any, ok: bo…
    219|     expect(m, "lib/ux/search-view must exist").not.toBeNull();
       |                                                    ^
    220|     const view = m!.mapSearchResponse(apiResponse, true);
    221|     expect(view.rows[0].priceSourceUrl).toBe("https://www.honda.co.th/…

⎯⎯⎯⎯⎯⎯⎯⎯⎯⎯⎯⎯⎯⎯⎯⎯⎯⎯⎯⎯⎯⎯[15/23]⎯

 FAIL  tests/p116-public-ux.test.ts > B/G. vehicle detail query builders + evidence flags > G1: detail model lookup enforces BOTH slugs + ACTIVE on model and manufacturer
AssertionError: lib/catalog/detail-queries must exist: expected null not to be null
 ❯ tests/p116-public-ux.test.ts:230:60
    228|   it("G1: detail model lookup enforces BOTH slugs + ACTIVE on model an…
    229|     const m = await loadHelper<{ detailModelLookupSql: string }>("../l…
    230|     expect(m, "lib/catalog/detail-queries must exist").not.toBeNull();
       |                                                            ^
    231|     const sql = m!.detailModelLookupSql;
    232|     expect(sql).toContain(`cm.slug = $1`);

⎯⎯⎯⎯⎯⎯⎯⎯⎯⎯⎯⎯⎯⎯⎯⎯⎯⎯⎯⎯⎯⎯[16/23]⎯

 FAIL  tests/p116-public-ux.test.ts > B/G. vehicle detail query builders + evidence flags > B2: research rows come only from sd.status <> 'VERIFIED' documents
AssertionError: lib/catalog/detail-queries must exist: expected null not to be null
 ❯ tests/p116-public-ux.test.ts:240:60
    238|   it("B2: research rows come only from sd.status <> 'VERIFIED' documen…
    239|     const m = await loadHelper<{ researchRowsSql: string }>("../lib/ca…
    240|     expect(m, "lib/catalog/detail-queries must exist").not.toBeNull();
       |                                                            ^
    241|     expect(m!.researchRowsSql).toContain(`sd.status <> 'VERIFIED'`);
    242|   });

⎯⎯⎯⎯⎯⎯⎯⎯⎯⎯⎯⎯⎯⎯⎯⎯⎯⎯⎯⎯⎯⎯[17/23]⎯

 FAIL  tests/p116-public-ux.test.ts > B/G. vehicle detail query builders + evidence flags > B1: detail variant price join uses the full currentOfficialPrice chain
AssertionError: lib/catalog/detail-queries must exist: expected null not to be null
 ❯ tests/p116-public-ux.test.ts:246:60
    244|   it("B1: detail variant price join uses the full currentOfficialPrice…
    245|     const m = await loadHelper<{ variantRowsSql: string }>("../lib/cat…
    246|     expect(m, "lib/catalog/detail-queries must exist").not.toBeNull();
       |                                                            ^
    247|     const sql = m!.variantRowsSql;
    248|     for (const token of CHAIN_TOKENS) expect(sql).toContain(token);

⎯⎯⎯⎯⎯⎯⎯⎯⎯⎯⎯⎯⎯⎯⎯⎯⎯⎯⎯⎯⎯⎯[18/23]⎯

 FAIL  tests/p116-public-ux.test.ts > B/G. vehicle detail query builders + evidence flags > B3: specEvidenceFlags marks official only for primary_official rows
AssertionError: lib/ux/detail-view must exist: expected null not to be null
 ❯ tests/p116-public-ux.test.ts:254:52
    252|   it("B3: specEvidenceFlags marks official only for primary_official r…
    253|     const m = await loadHelper<{ specEvidenceFlags: (rows: { sourceTie…
    254|     expect(m, "lib/ux/detail-view must exist").not.toBeNull();
       |                                                    ^
    255|     expect(m!.specEvidenceFlags([{ sourceTier: "primary_official" }]))…
    256|     expect(m!.specEvidenceFlags([{ sourceTier: "secondary_automotive_m…

⎯⎯⎯⎯⎯⎯⎯⎯⎯⎯⎯⎯⎯⎯⎯⎯⎯⎯⎯⎯⎯⎯[19/23]⎯

 FAIL  tests/p116-public-ux.test.ts > I. image and brochure fallback never invent assets > I1: no image → placeholder with official-site link when known, else no link
AssertionError: lib/ux/detail-view must exist: expected null not to be null
 ❯ tests/p116-public-ux.test.ts:267:52
    265|   it("I1: no image → placeholder with official-site link when known, e…
    266|     const m = await loadHelper<{ imageBlock: (images: any[], officialU…
    267|     expect(m, "lib/ux/detail-view must exist").not.toBeNull();
       |                                                    ^
    268|     expect(m!.imageBlock([], "https://www.toyota.co.th")).toEqual({ ki…
    269|     expect(m!.imageBlock([], null)).toEqual({ kind: "placeholder", hre…

⎯⎯⎯⎯⎯⎯⎯⎯⎯⎯⎯⎯⎯⎯⎯⎯⎯⎯⎯⎯⎯⎯[20/23]⎯

 FAIL  tests/p116-public-ux.test.ts > I. image and brochure fallback never invent assets > I2: no brochure + no official source → plain fallback text, no invented href
AssertionError: lib/ux/detail-view must exist: expected null not to be null
 ❯ tests/p116-public-ux.test.ts:275:52
    273|   it("I2: no brochure + no official source → plain fallback text, no i…
    274|     const m = await loadHelper<{ brochureBlock: (doc: any, officialUrl…
    275|     expect(m, "lib/ux/detail-view must exist").not.toBeNull();
       |                                                    ^
    276|     expect(m!.brochureBlock(null, null)).toMatchObject({ title: "โบรชั…
    277|     expect(m!.brochureBlock(null, "https://www.mg.co.th")).toMatchObje…

⎯⎯⎯⎯⎯⎯⎯⎯⎯⎯⎯⎯⎯⎯⎯⎯⎯⎯⎯⎯⎯⎯[21/23]⎯

 FAIL  tests/p116-public-ux.test.ts > I. image and brochure fallback never invent assets > I3: verified brochure doc keeps title/url/source/date/verified
AssertionError: lib/ux/detail-view must exist: expected null not to be null
 ❯ tests/p116-public-ux.test.ts:282:52
    280|   it("I3: verified brochure doc keeps title/url/source/date/verified",…
    281|     const m = await loadHelper<{ brochureBlock: (doc: any, officialUrl…
    282|     expect(m, "lib/ux/detail-view must exist").not.toBeNull();
       |                                                    ^
    283|     const block = m!.brochureBlock(
    284|       { title: "Price List 2026", url: "https://www.honda.co.th/p.pdf"…

⎯⎯⎯⎯⎯⎯⎯⎯⎯⎯⎯⎯⎯⎯⎯⎯⎯⎯⎯⎯⎯⎯[22/23]⎯

 FAIL  tests/p116-public-ux.test.ts > D. compare entry from /cars > D-1: two compareVariantIds from /api/models are accepted by /api/compare
AssertionError: expected 1 to be 2 // Object.is equality

- Expected
+ Received

- 2
+ 1

 ❯ tests/p116-public-ux.test.ts:301:31
    299|     const modelsBody = await modelsRes.json();
    300|     const ids = modelsBody.results.map((r: any) => r.compareVariantId);
    301|     expect(new Set(ids).size).toBe(2);
       |                               ^
    302|     expect(ids.every((id: any) => typeof id === "string" && id.include…
    303|

⎯⎯⎯⎯⎯⎯⎯⎯⎯⎯⎯⎯⎯⎯⎯⎯⎯⎯⎯⎯⎯⎯[23/23]⎯


 Test Files  2 failed (2)
      Tests  23 failed | 1 passed (24)
   Start at  14:52:28
   Duration  484ms (transform 264ms, setup 0ms, import 459ms, tests 169ms, environment 0ms)


=== A3 red (base models route, separate run) ===
     × A3: q filter binds every referenced parameter (base LIMIT $N+2 had none → 503) 11ms
⎯⎯⎯⎯⎯⎯⎯ Failed Tests 1 ⎯⎯⎯⎯⎯⎯⎯
 FAIL  tests/p116-public-ux.test.ts > A. /api/models official price semantics (G1) > A3: q filter binds every referenced parameter (base LIMIT $N+2 had none → 503)
      Tests  1 failed | 19 skipped (20)
